<!DOCTYPE html>
<html lang="en">
<head>
    <meta charset="UTF-8">
    <title></title>
    <link rel="stylesheet" href="css/reset.css">
    <link rel="stylesheet" href="css/style.css">
    
</head>
<body>
    <header>
      
       <div class="container">
         
          <div class="heading clearfix">
            <div class="fix">
             <div class="fix_con">
              <a href="index.html"><img src="img/logo.png" alt="Логотип" class="logo"></a>
                 <nav>
                    <ul class="menu">
                       <li><a href="index.html">Home</a></li>
                       <li><a href="#ser">Services</a></li>
                       <li><a href="#por">Portfolio</a></li>
                       <li><a href="#about">About</a></li>
                       <li><a href="#contact">Contact</a></li>
                   </ul>
               </nav>
               </div> 
               </div>
          </div>
          <div class="titles">
              <div>
                  Welcome To Our Studio!
              </div>
              <h1>
                  It’s nice to Meet you
              </h1>
          </div>
          <a href="#" class="button">Tell me more</a>
       </div>
      
    </header>
    <section id="ser">
        <div class="container">
            <div class="title">
                <h2>Services</h2>
                <p>Proin iaculis purus consequat sem cure.</p>
            </div>
            <div id="services" class="clearfix">
                <div class="services_item">
                    <img src="img/icon1.png" alt=""> 
                    <h3>E-Commerce</h3>
                    <p>Proin iaculis purus consequat sem cure 
                    digni ssim. Donec porttitora entum suscipit 
                    aenean rhoncus posuere odio in tincidunt.
                    </p>
                </div>
                <div class="services_item">
                    <img src="img/icon2.png" alt=""> 
                    <h3>Responsive Web</h3>
                    <p>Proin iaculis purus consequat sem cure 
                    digni ssim. Donec porttitora entum suscipit 
                    aenean rhoncus posuere odio in tincidunt.
                    </p> 
                </div>
                <div class="services_item">
                    <img src="img/icon3.png" alt=""> 
                    <h3>Web Security</h3>
                    <p>Proin iaculis purus consequat sem cure 
                    digni ssim. Donec porttitora entum suscipit 
                    aenean rhoncus posuere odio in tincidunt.
                    </p>  
                </div>  
            </div>
        </div>
    </section>
    <section class="two" id="por">
        <div class="container">
            <div class="title">
                <h2>Our Portfolio</h2>
                <p>Proin iaculis purus consequat sem cure.</p>
            </div>
            <div id="portfolio" class="clearfix">
                <div class="services_item">
                    <img src="img/img1.jpg" alt="">
                </div>
                <div class="services_item">
                    <img src="img/img2.jpg" alt="">
                </div>
                <div class="services_item">
                    <img src="img/img3.jpg" alt="">
                </div>
            </div>
        </div>
    </section>
    <section class="three" id="about">
        <div class="container">
            <div class="title">
                <h2>About us</h2>
                <p>Proin iaculis purus consequat sem cure.</p>
            </div>
            <div class="about">
               <div class="about_item clearfix">
                  <img src="img/about1.jpg" alt="">
                   <span class="text">
                       <h3>July 2010</h3>
                       <h3>Our Humble Beginnings</h3>
                       <p>Proin iaculis purus consequat sem cure 
                       digni ssim. Donec porttitora entum suscipit 
                       aenean rhoncus posuere odio in tincidunt. Proin 
                       iaculis purus consequat sem cure digni 
                       ssim. Donec porttitora entum suscipit.
                       </p>
                   </span>
                </div>
                <div class="meow clearfix">
                <div class="about_item2 clearfix">
                  <img src="img/about2.jpg" alt="">
                   <span class="text">
                       <h3>January 2011</h3>
                       <h3>Facing Startup Battles</h3>
                       <p>Proin iaculis purus consequat sem cure 
                       digni ssim. Donec porttitora entum suscipit 
                       aenean rhoncus posuere odio in tincidunt. Proin 
                       iaculis purus consequat sem cure digni 
                       ssim. Donec porttitora entum suscipit.
                       </p>
                   </span>                
                </div>
                </div>
                <div class="about_item clearfix">
                  <img src="img/about3.jpg" alt="">
                   <div class="text">
                       <h3>December 2012</h3>
                       <h3>Enter The Dark Days</h3>
                       <p>Proin iaculis purus consequat sem cure 
                       digni ssim. Donec porttitora entum suscipit 
                       aenean rhoncus posuere odio in tincidunt. Proin 
                       iaculis purus consequat sem cure digni 
                       ssim. Donec porttitora entum suscipit.
                       </p>
                   </div>
                </div>
                <div class="meow clearfix">
                <div class="about_item2 clearfix">
                  <img src="img/about4.jpg" alt="">
                   <span class="text">
                       <h3>february 2014</h3>
                       <h3>Our Triumph</h3>
                       <p>Proin iaculis purus consequat sem cure 
                       digni ssim. Donec porttitora entum suscipit 
                       aenean rhoncus posuere odio in tincidunt. Proin 
                       iaculis purus consequat sem cure digni 
                       ssim. Donec porttitora entum suscipit.
                       Proin 
                       iaculis purus consequat sem cure digni 
                       ssim. Donec porttitora entum suscipit.
                       </p>
                   </span>                 
                </div>
            </div>
            </div>
        </div>
    </section>
    <footer id="contact">
        <span>© Copyright 2014 FreebiesXpress.com</span>
    </footer>
</body>
</html>